// Jest Snapshot v1, https://goo.gl/fbAQLP

exports[`if it renders correctly 1`] = `
<View
  style={
    Array [
      Object {
        "flexBasis": 0,
        "flexGrow": 1,
        "flexShrink": 1,
      },
    ]
  }
>
  <Image
    source={
      Object {
        "testUri": "../../../src/assets/header-image.jpg",
      }
    }
    style={
      Array [
        Object {
          "height": 333.5,
          "width": "100%",
        },
      ]
    }
  />
  <View
    colors={
      Array [
        "rgba(0, 0, 0, 0.5)",
        "rgba(0, 0, 0, 0)",
      ]
    }
    style={
      Array [
        Object {
          "flexBasis": 0,
          "flexGrow": 1,
          "flexShrink": 1,
          "height": 100,
          "position": "absolute",
          "width": "100%",
          "zIndex": 10,
        },
      ]
    }
  />
</View>
`;
